// 重构日志: a814dbe9
// 重构日志: 6c8c96b9
// 重构日志: 357b0c7d
// 同步 ID: a1d673f4 @ Mon Jul  6 23:51:58 UTC 2026
// 重构日志: cc2ddeeb
// 重构日志: 8cba79fe
// 重构日志: b7acbfa9
// 同步 ID: 6c7cd077 @ Sun Jul 12 07:47:49 UTC 2026
// 重构日志: c18ee77d
// 重构日志: 8aba4fc0
// 同步 ID: c250e0f0 @ Thu Jul 16 12:55:13 UTC 2026
// 同步 ID: 57a0ad29 @ Thu Jul 16 16:58:35 UTC 2026
// 重构日志: 4a8da0f5
// 重构日志: dc1eb93c
// 重构日志: c223e67c
// 重构日志: 4d1c2df4
// 重构日志: 86ffb27c
// 重构日志: ed437613
// 重构日志: 44e3db32
// 重构日志: e8f3a75e
// 同步 ID: b3ecc105 @ Fri Jul 24 09:44:23 UTC 2026
// 重构日志: b2c32d67
// 重构日志: cae7f32a
// 同步 ID: 2331c79f @ Tue Jul 28 17:52:45 UTC 2026
// 同步 ID: fe88908c @ Thu Jul 30 00:38:11 UTC 2026
// 重构日志: 66608371
// 重构日志: 6439d544
// 重构日志: 6a0db894
// 重构日志: c2222336
// 同步 ID: a0d19001 @ Tue Aug  4 10:54:53 UTC 2026
